// Jest Snapshot v1, https://goo.gl/fbAQLP

exports[`Pruebas en <SearchPage /> debe mostrarse correctamente con valores por defecto 1`] = `
<div>
  <h2>
    Search
  </h2>
  <hr />
  <div
    class="row"
  >
    <div
      class="col-5"
    >
      <h3>
        Searching
      </h3>
      <hr />
      <form>
        <input
          autocomplete="off"
          class="form-control"
          name="searchText"
          placeholder="Search a hero"
          type="text"
          value=" "
        />
        <button
          class="btn btn-outline-primary mt-1"
        >
          Search
        </button>
      </form>
    </div>
    <div
      class="col-7"
    >
      <h3>
        Result
      </h3>
      <hr />
      <div
        class="alert alert-primary animate__animated animate__fadeIn"
        style="display: none;"
      >
        Search a hero
      </div>
      <div
        class="alert alert-danger animate__animated animate__fadeIn"
      >
        No hero with 
        <b>
           
        </b>
      </div>
    </div>
  </div>
</div>
`;
